Found cores : 16
Launching worker: 1
Process worker pool exiting normally
All workers done
